[00] = Item[sellin=99 quality=0]
[01] = Item[sellin=-1 quality=8]
[02] = Item[sellin=999 quality=0]
[03] = Item[sellin=13 quality=49]
[04] = Item[sellin=-1 quality=0]
[05] = Sulfuras, Hand of Ragnaros[sellin=5 quality=80]
[06] = Sulfuras, Hand of Ragnaros[sellin=-1 quality=80]
[07] = Aged Brie[sellin=4 quality=16]
[08] = Aged Brie[sellin=-1 quality=17]
[09] = Aged Brie[sellin=4 quality=50]
[10] = Aged Brie[sellin=-1 quality=50]
[11] = Backstage passes to a TAFKAL80ETC concert[sellin=10 quality=31]
[12] = Backstage passes to a TAFKAL80ETC concert[sellin=9 quality=32]
[13] = Backstage passes to a TAFKAL80ETC concert[sellin=5 quality=32]
[14] = Backstage passes to a TAFKAL80ETC concert[sellin=4 quality=33]
[15] = Backstage passes to a TAFKAL80ETC concert[sellin=-1 quality=0]
[16] = Backstage passes to a TAFKAL80ETC concert[sellin=4 quality=50]
[17] = Backstage passes to a TAFKAL80ETC concert[sellin=4 quality=50]
[18] = Backstage passes to a TAFKAL80ETC concert[sellin=-2 quality=0]
